// Jest Snapshot v1, https://goo.gl/fbAQLP

exports[`MealItem renders the MealItem component and its children 1`] = `
<div
  class="meal-item"
>
  <div
    class="meal-item__details"
  >
    <h3
      class="meal-item__title"
    >
      item title
    </h3>
    <div
      class="meal-item__description"
    >
      item description
    </div>
    <div
      class="meal-item__price"
    >
      Â£22.99
    </div>
  </div>
  <form
    class="meal-item__add"
    name="Add meal item"
  >
    <div
      class="form__group"
    >
      <label
        class="form__label"
        for=":r0:"
      >
        Amount
      </label>
      <input
        class="form__input"
        id=":r0:"
        type="number"
        value="1"
      />
    </div>
    <button
      class="btn btn--primary btn--long"
    >
      + Add
    </button>
  </form>
</div>
`;
