// Jest Snapshot v1, https://goo.gl/fbAQLP

exports[`MealSummary should render as expected 1`] = `
<section
  class="meal-summary"
>
  <h2
    class="meal-summary__title"
  >
    Delicious Food, Delivered To You
  </h2>
  <p
    class="meal-summary__text"
  >
    Choose your favourite meal from our broad selection of available meals and enjoy a delicious lunch or dinner at home.
  </p>
  <p
    class="meal-summary__text"
  >
    All our meals are cooked with high-quality ingredients, just-in-time and of course by experienced chefs!
  </p>
</section>
`;
